Traceback (most recent call last):
  File "/Users/pkcha/holoviews/test_repro.py", line 3, in <module>
    import holoviews as hv
  File "/Users/pkcha/holoviews/holoviews/__init__.py", line 82, in <module>
    import param
ModuleNotFoundError: No module named 'param'
